( cd SRC; /Applications/Xcode.app/Contents/Developer/usr/bin/make )
( cd TESTING/MATGEN; /Applications/Xcode.app/Contents/Developer/usr/bin/make )
/usr/bin/cc -O3 -DNDEBUG -DPRNTlevel=0 -DAdd_    -c slatms.c
/usr/bin/cc -O3 -DNDEBUG -DPRNTlevel=0 -DAdd_    -DUSE_VENDOR_BLAS -c sgssv.c 
/usr/bin/cc -O3 -DNDEBUG -DPRNTlevel=0 -DAdd_    -c slagge.c
/usr/bin/cc -O3 -DNDEBUG -DPRNTlevel=0 -DAdd_    -DUSE_VENDOR_BLAS -c sgssvx.c 
/usr/bin/cc -O3 -DNDEBUG -DPRNTlevel=0 -DAdd_    -c slagsy.c
/usr/bin/cc -O3 -DNDEBUG -DPRNTlevel=0 -DAdd_    -DUSE_VENDOR_BLAS -c ssp_blas2.c 
/usr/bin/cc -O3 -DNDEBUG -DPRNTlevel=0 -DAdd_    -c slarge.c
/usr/bin/cc -O3 -DNDEBUG -DPRNTlevel=0 -DAdd_    -c slaror.c
/usr/bin/cc -O3 -DNDEBUG -DPRNTlevel=0 -DAdd_    -DUSE_VENDOR_BLAS -c ssp_blas3.c 
/usr/bin/cc -O3 -DNDEBUG -DPRNTlevel=0 -DAdd_    -DUSE_VENDOR_BLAS -c sgscon.c 
/usr/bin/cc -O3 -DNDEBUG -DPRNTlevel=0 -DAdd_    -DUSE_VENDOR_BLAS -c slangs.c 
/usr/bin/cc -O3 -DNDEBUG -DPRNTlevel=0 -DAdd_    -c slarot.c
/usr/bin/cc -O3 -DNDEBUG -DPRNTlevel=0 -DAdd_    -c slatm2.c
/usr/bin/cc -O3 -DNDEBUG -DPRNTlevel=0 -DAdd_    -DUSE_VENDOR_BLAS -c sgsequ.c 
/usr/bin/cc -O3 -DNDEBUG -DPRNTlevel=0 -DAdd_    -DUSE_VENDOR_BLAS -c slaqgs.c 
/usr/bin/cc -O3 -DNDEBUG -DPRNTlevel=0 -DAdd_    -c slatm3.c
/usr/bin/cc -O3 -DNDEBUG -DPRNTlevel=0 -DAdd_    -DUSE_VENDOR_BLAS -c spivotgrowth.c 
/usr/bin/cc -O3 -DNDEBUG -DPRNTlevel=0 -DAdd_    -c slatm1.c
/usr/bin/cc -O3 -DNDEBUG -DPRNTlevel=0 -DAdd_    -c slaran.c
/usr/bin/cc -O3 -DNDEBUG -DPRNTlevel=0 -DAdd_    -DUSE_VENDOR_BLAS -c sgsrfs.c 
/usr/bin/cc -O3 -DNDEBUG -DPRNTlevel=0 -DAdd_    -DUSE_VENDOR_BLAS -c sgstrf.c 
/usr/bin/cc -O3 -DNDEBUG -DPRNTlevel=0 -DAdd_    -c slarnd.c
/usr/bin/cc -O3 -DNDEBUG -DPRNTlevel=0 -DAdd_    -c slaruv.c
/usr/bin/cc -O3 -DNDEBUG -DPRNTlevel=0 -DAdd_    -DUSE_VENDOR_BLAS -c sgstrs.c 
/usr/bin/cc -O3 -DNDEBUG -DPRNTlevel=0 -DAdd_    -c slabad.c
/usr/bin/cc -O3 -DNDEBUG -DPRNTlevel=0 -DAdd_    -c slarnv.c
/usr/bin/cc -O3 -DNDEBUG -DPRNTlevel=0 -DAdd_    -c slatb4.c
/usr/bin/cc -O3 -DNDEBUG -DPRNTlevel=0 -DAdd_    -DUSE_VENDOR_BLAS -c scopy_to_ucol.c 
/usr/bin/cc -O3 -DNDEBUG -DPRNTlevel=0 -DAdd_    -c slaset.c
/usr/bin/cc -O3 -DNDEBUG -DPRNTlevel=0 -DAdd_    -c slartg.c
/usr/bin/cc -O3 -DNDEBUG -DPRNTlevel=0 -DAdd_    -c r_lg10.c
/usr/bin/cc -O3 -DNDEBUG -DPRNTlevel=0 -DAdd_    -c r_sign.c
/usr/bin/cc -O3 -DNDEBUG -DPRNTlevel=0 -DAdd_    -DUSE_VENDOR_BLAS -c ssnode_dfs.c 
/usr/bin/cc -O3 -DNDEBUG -DPRNTlevel=0 -DAdd_    -c pow_dd.c
/usr/bin/cc -O3 -DNDEBUG -DPRNTlevel=0 -DAdd_    -DUSE_VENDOR_BLAS -c ssnode_bmod.c 
/usr/bin/cc -O3 -DNDEBUG -DPRNTlevel=0 -DAdd_    -c pow_ri.c
/usr/bin/cc -O3 -DNDEBUG -DPRNTlevel=0 -DAdd_    -DUSE_VENDOR_BLAS -c spanel_dfs.c 
/usr/bin/cc -O3 -DNDEBUG -DPRNTlevel=0 -DAdd_    -c dlatms.c
/usr/bin/cc -O3 -DNDEBUG -DPRNTlevel=0 -DAdd_    -c dlagge.c
/usr/bin/cc -O3 -DNDEBUG -DPRNTlevel=0 -DAdd_    -c dlagsy.c
/usr/bin/cc -O3 -DNDEBUG -DPRNTlevel=0 -DAdd_    -DUSE_VENDOR_BLAS -c spanel_bmod.c 
/usr/bin/cc -O3 -DNDEBUG -DPRNTlevel=0 -DAdd_    -DUSE_VENDOR_BLAS -c sreadhb.c 
/usr/bin/cc -O3 -DNDEBUG -DPRNTlevel=0 -DAdd_    -DUSE_VENDOR_BLAS -c sreadrb.c 
/usr/bin/cc -O3 -DNDEBUG -DPRNTlevel=0 -DAdd_    -c dlarge.c
/usr/bin/cc -O3 -DNDEBUG -DPRNTlevel=0 -DAdd_    -DUSE_VENDOR_BLAS -c sreadtriple.c 
/usr/bin/cc -O3 -DNDEBUG -DPRNTlevel=0 -DAdd_    -c dlaror.c
/usr/bin/cc -O3 -DNDEBUG -DPRNTlevel=0 -DAdd_    -DUSE_VENDOR_BLAS -c scolumn_dfs.c 
/usr/bin/cc -O3 -DNDEBUG -DPRNTlevel=0 -DAdd_    -DUSE_VENDOR_BLAS -c scolumn_bmod.c 
/usr/bin/cc -O3 -DNDEBUG -DPRNTlevel=0 -DAdd_    -c dlarot.c
/usr/bin/cc -O3 -DNDEBUG -DPRNTlevel=0 -DAdd_    -DUSE_VENDOR_BLAS -c spivotL.c 
/usr/bin/cc -O3 -DNDEBUG -DPRNTlevel=0 -DAdd_    -c dlatm2.c
/usr/bin/cc -O3 -DNDEBUG -DPRNTlevel=0 -DAdd_    -DUSE_VENDOR_BLAS -c spruneL.c 
/usr/bin/cc -O3 -DNDEBUG -DPRNTlevel=0 -DAdd_    -c dlatm3.c
/usr/bin/cc -O3 -DNDEBUG -DPRNTlevel=0 -DAdd_    -c dlatm1.c
/usr/bin/cc -O3 -DNDEBUG -DPRNTlevel=0 -DAdd_    -DUSE_VENDOR_BLAS -c smemory.c 
/usr/bin/cc -O3 -DNDEBUG -DPRNTlevel=0 -DAdd_    -c dlaran.c
/usr/bin/cc -O3 -DNDEBUG -DPRNTlevel=0 -DAdd_    -c dlarnd.c
/usr/bin/cc -O3 -DNDEBUG -DPRNTlevel=0 -DAdd_    -DUSE_VENDOR_BLAS -c sutil.c 
/usr/bin/cc -O3 -DNDEBUG -DPRNTlevel=0 -DAdd_    -DUSE_VENDOR_BLAS -c smyblas2.c 
/usr/bin/cc -O3 -DNDEBUG -DPRNTlevel=0 -DAdd_    -c dlaruv.c
/usr/bin/cc -O3 -DNDEBUG -DPRNTlevel=0 -DAdd_    -c dlabad.c
/usr/bin/cc -O3 -DNDEBUG -DPRNTlevel=0 -DAdd_    -c dlarnv.c
/usr/bin/cc -O3 -DNDEBUG -DPRNTlevel=0 -DAdd_    -c dlatb4.c
/usr/bin/cc -O3 -DNDEBUG -DPRNTlevel=0 -DAdd_    -DUSE_VENDOR_BLAS -c sgsisx.c 
/usr/bin/cc -O3 -DNDEBUG -DPRNTlevel=0 -DAdd_    -DUSE_VENDOR_BLAS -c sgsitrf.c 
/usr/bin/cc -O3 -DNDEBUG -DPRNTlevel=0 -DAdd_    -c dlaset.c
/usr/bin/cc -O3 -DNDEBUG -DPRNTlevel=0 -DAdd_    -DUSE_VENDOR_BLAS -c sldperm.c 
/usr/bin/cc -O3 -DNDEBUG -DPRNTlevel=0 -DAdd_    -c dlartg.c
/usr/bin/cc -O3 -DNDEBUG -DPRNTlevel=0 -DAdd_    -c d_lg10.c
/usr/bin/cc -O3 -DNDEBUG -DPRNTlevel=0 -DAdd_    -c d_sign.c
/usr/bin/cc -O3 -DNDEBUG -DPRNTlevel=0 -DAdd_    -DUSE_VENDOR_BLAS -c ilu_sdrop_row.c 
/usr/bin/cc -O3 -DNDEBUG -DPRNTlevel=0 -DAdd_    -c pow_di.c
/usr/bin/cc -O3 -DNDEBUG -DPRNTlevel=0 -DAdd_    -DUSE_VENDOR_BLAS -c ilu_ssnode_dfs.c 
/usr/bin/cc -O3 -DNDEBUG -DPRNTlevel=0 -DAdd_    -c clatms.c
/usr/bin/cc -O3 -DNDEBUG -DPRNTlevel=0 -DAdd_    -c clagge.c
/usr/bin/cc -O3 -DNDEBUG -DPRNTlevel=0 -DAdd_    -c clagsy.c
/usr/bin/cc -O3 -DNDEBUG -DPRNTlevel=0 -DAdd_    -DUSE_VENDOR_BLAS -c ilu_scolumn_dfs.c 
/usr/bin/cc -O3 -DNDEBUG -DPRNTlevel=0 -DAdd_    -c clarge.c
/usr/bin/cc -O3 -DNDEBUG -DPRNTlevel=0 -DAdd_    -DUSE_VENDOR_BLAS -c ilu_spanel_dfs.c 
/usr/bin/cc -O3 -DNDEBUG -DPRNTlevel=0 -DAdd_    -DUSE_VENDOR_BLAS -c ilu_scopy_to_ucol.c 
/usr/bin/cc -O3 -DNDEBUG -DPRNTlevel=0 -DAdd_    -c claror.c
/usr/bin/cc -O3 -DNDEBUG -DPRNTlevel=0 -DAdd_    -c clarot.c
/usr/bin/cc -O3 -DNDEBUG -DPRNTlevel=0 -DAdd_    -DUSE_VENDOR_BLAS -c ilu_spivotL.c 
/usr/bin/cc -O3 -DNDEBUG -DPRNTlevel=0 -DAdd_    -c clatm2.c
/usr/bin/cc -O3 -DNDEBUG -DPRNTlevel=0 -DAdd_    -DUSE_VENDOR_BLAS -c sdiagonal.c 
/usr/bin/cc -O3 -DNDEBUG -DPRNTlevel=0 -DAdd_    -DUSE_VENDOR_BLAS -c slacon2.c 
/usr/bin/cc -O3 -DNDEBUG -DPRNTlevel=0 -DAdd_    -c clatm3.c
/usr/bin/cc -O3 -DNDEBUG -DPRNTlevel=0 -DAdd_    -DUSE_VENDOR_BLAS -c superlu_timer.c 
/usr/bin/cc -O3 -DNDEBUG -DPRNTlevel=0 -DAdd_    -c claghe.c
/usr/bin/cc -O3 -DNDEBUG -DPRNTlevel=0 -DAdd_    -DUSE_VENDOR_BLAS -c util.c 
/usr/bin/cc -O3 -DNDEBUG -DPRNTlevel=0 -DAdd_    -c clarnd.c
/usr/bin/cc -O3 -DNDEBUG -DPRNTlevel=0 -DAdd_    -DUSE_VENDOR_BLAS -c memory.c 
/usr/bin/cc -O3 -DNDEBUG -DPRNTlevel=0 -DAdd_    -c clatb4.c
/usr/bin/cc -O3 -DNDEBUG -DPRNTlevel=0 -DAdd_    -c claset.c
/usr/bin/cc -O3 -DNDEBUG -DPRNTlevel=0 -DAdd_    -DUSE_VENDOR_BLAS -c get_perm_c.c 
/usr/bin/cc -O3 -DNDEBUG -DPRNTlevel=0 -DAdd_    -c clartg.c
/usr/bin/cc -O3 -DNDEBUG -DPRNTlevel=0 -DAdd_    -c clarnv.c
/usr/bin/cc -O3 -DNDEBUG -DPRNTlevel=0 -DAdd_    -DUSE_VENDOR_BLAS -c mmd.c 
/usr/bin/cc -O3 -DNDEBUG -DPRNTlevel=0 -DAdd_    -DUSE_VENDOR_BLAS -c sp_coletree.c 
/usr/bin/cc -O3 -DNDEBUG -DPRNTlevel=0 -DAdd_    -c clacgv.c
/usr/bin/cc -O3 -DNDEBUG -DPRNTlevel=0 -DAdd_    -c csymv.c
/usr/bin/cc -O3 -DNDEBUG -DPRNTlevel=0 -DAdd_    -c zlatms.c
/usr/bin/cc -O3 -DNDEBUG -DPRNTlevel=0 -DAdd_    -c zlagge.c
/usr/bin/cc -O3 -DNDEBUG -DPRNTlevel=0 -DAdd_    -DUSE_VENDOR_BLAS -c sp_preorder.c 
/usr/bin/cc -O3 -DNDEBUG -DPRNTlevel=0 -DAdd_    -DUSE_VENDOR_BLAS -c sp_ienv.c 
/usr/bin/cc -O3 -DNDEBUG -DPRNTlevel=0 -DAdd_    -c zlagsy.c
/usr/bin/cc -O3 -DNDEBUG -DPRNTlevel=0 -DAdd_    -DUSE_VENDOR_BLAS -c relax_snode.c 
/usr/bin/cc -O3 -DNDEBUG -DPRNTlevel=0 -DAdd_    -c zlarge.c
/usr/bin/cc -O3 -DNDEBUG -DPRNTlevel=0 -DAdd_    -DUSE_VENDOR_BLAS -c heap_relax_snode.c 
/usr/bin/cc -O3 -DNDEBUG -DPRNTlevel=0 -DAdd_    -DUSE_VENDOR_BLAS -c colamd.c 
/usr/bin/cc -O3 -DNDEBUG -DPRNTlevel=0 -DAdd_    -DUSE_VENDOR_BLAS -c ilu_relax_snode.c 
/usr/bin/cc -O3 -DNDEBUG -DPRNTlevel=0 -DAdd_    -c zlaror.c
/usr/bin/cc -O3 -DNDEBUG -DPRNTlevel=0 -DAdd_    -c zlarot.c
/usr/bin/cc -O3 -DNDEBUG -DPRNTlevel=0 -DAdd_    -DUSE_VENDOR_BLAS -c ilu_heap_relax_snode.c 
/usr/bin/cc -O3 -DNDEBUG -DPRNTlevel=0 -DAdd_    -DUSE_VENDOR_BLAS -c mark_relax.c 
/usr/bin/cc -O3 -DNDEBUG -DPRNTlevel=0 -DAdd_    -c zlatm2.c
/usr/bin/cc -O3 -DNDEBUG -DPRNTlevel=0 -DAdd_    -c zlatm3.c
/usr/bin/cc -O3 -DNDEBUG -DPRNTlevel=0 -DAdd_    -DUSE_VENDOR_BLAS -c mc64ad.c 
/usr/bin/cc -O3 -DNDEBUG -DPRNTlevel=0 -DAdd_    -DUSE_VENDOR_BLAS -c qselect.c 
/usr/bin/cc -O3 -DNDEBUG -DPRNTlevel=0 -DAdd_    -c zlaghe.c
/usr/bin/cc -O3 -DNDEBUG -DPRNTlevel=0 -DAdd_    -c zlarnd.c
/usr/bin/cc -O3 -DNDEBUG -DPRNTlevel=0 -DAdd_    -c zlatb4.c
/usr/bin/cc -O3 -DNDEBUG -DPRNTlevel=0 -DAdd_    -DUSE_VENDOR_BLAS -c input_error.c 
/usr/bin/cc -O3 -DNDEBUG -DPRNTlevel=0 -DAdd_    -DUSE_VENDOR_BLAS -c smach.c 
/usr/bin/cc -O3 -DNDEBUG -DPRNTlevel=0 -DAdd_    -c zlaset.c
/usr/bin/cc -O3 -DNDEBUG -DPRNTlevel=0 -DAdd_    -c zlartg.c
/usr/bin/cc -O3 -DNDEBUG -DPRNTlevel=0 -DAdd_    -c zlarnv.c
/usr/bin/cc -O3 -DNDEBUG -DPRNTlevel=0 -DAdd_    -DUSE_VENDOR_BLAS -c dmach.c 
/usr/bin/cc -O3 -DNDEBUG -DPRNTlevel=0 -DAdd_    -DUSE_VENDOR_BLAS -c dgssv.c 
/usr/bin/cc -O3 -DNDEBUG -DPRNTlevel=0 -DAdd_    -c zlacgv.c
/usr/bin/cc -O3 -DNDEBUG -DPRNTlevel=0 -DAdd_    -c zsymv.c
/usr/bin/cc -O3 -DNDEBUG -DPRNTlevel=0 -DAdd_    -DUSE_VENDOR_BLAS -c dgssv_lufact.c 
/usr/bin/ar cr ../libtmglib.a slatms.o slagge.o slagsy.o slarge.o slaror.o slarot.o slatm2.o slatm3.o slatm1.o slaran.o slarnd.o slaruv.o slabad.o slarnv.o \
	        slatb4.o slaset.o slartg.o r_lg10.o r_sign.o pow_dd.o pow_ri.o 
/usr/bin/ranlib ../libtmglib.a
/usr/bin/ar cr ../libtmglib.a dlatms.o dlagge.o dlagsy.o dlarge.o dlaror.o dlarot.o dlatm2.o dlatm3.o dlatm1.o dlaran.o dlarnd.o dlaruv.o dlabad.o dlarnv.o \
	        dlatb4.o dlaset.o dlartg.o d_lg10.o d_sign.o pow_dd.o pow_di.o 
/usr/bin/ranlib ../libtmglib.a
/usr/bin/cc -O3 -DNDEBUG -DPRNTlevel=0 -DAdd_    -DUSE_VENDOR_BLAS -c dgssv_lusolve.c 
/usr/bin/ar cr ../libtmglib.a clatms.o clagge.o clagsy.o clarge.o claror.o clarot.o clatm2.o clatm3.o claghe.o clarnd.o slatm1.o slaran.o slarnd.o slaruv.o slabad.o slarnv.o \
	        clatb4.o claset.o clartg.o clarnv.o clacgv.o csymv.o r_lg10.o r_sign.o pow_dd.o pow_ri.o 
/usr/bin/ranlib ../libtmglib.a
/usr/bin/cc -O3 -DNDEBUG -DPRNTlevel=0 -DAdd_    -DUSE_VENDOR_BLAS -c dgssvx.c 
/usr/bin/ar cr ../libtmglib.a zlatms.o zlagge.o zlagsy.o zlarge.o zlaror.o zlarot.o zlatm2.o zlatm3.o zlaghe.o zlarnd.o dlatm1.o dlaran.o dlarnd.o dlaruv.o dlabad.o dlarnv.o \
	        zlatb4.o zlaset.o zlartg.o zlarnv.o zlacgv.o zsymv.o d_lg10.o d_sign.o pow_dd.o pow_di.o 
/usr/bin/ranlib ../libtmglib.a
/usr/bin/cc -O3 -DNDEBUG -DPRNTlevel=0 -DAdd_    -DUSE_VENDOR_BLAS -c dsp_blas2.c 
/usr/bin/cc -O3 -DNDEBUG -DPRNTlevel=0 -DAdd_    -DUSE_VENDOR_BLAS -c dsp_blas3.c 
/usr/bin/cc -O3 -DNDEBUG -DPRNTlevel=0 -DAdd_    -DUSE_VENDOR_BLAS -c dgscon.c 
/usr/bin/cc -O3 -DNDEBUG -DPRNTlevel=0 -DAdd_    -DUSE_VENDOR_BLAS -c dlangs.c 
/usr/bin/cc -O3 -DNDEBUG -DPRNTlevel=0 -DAdd_    -DUSE_VENDOR_BLAS -c dgsequ.c 
/usr/bin/cc -O3 -DNDEBUG -DPRNTlevel=0 -DAdd_    -DUSE_VENDOR_BLAS -c dlaqgs.c 
/usr/bin/cc -O3 -DNDEBUG -DPRNTlevel=0 -DAdd_    -DUSE_VENDOR_BLAS -c dpivotgrowth.c 
/usr/bin/cc -O3 -DNDEBUG -DPRNTlevel=0 -DAdd_    -DUSE_VENDOR_BLAS -c dgsrfs.c 
/usr/bin/cc -O3 -DNDEBUG -DPRNTlevel=0 -DAdd_    -DUSE_VENDOR_BLAS -c dgstrf.c 
/usr/bin/cc -O3 -DNDEBUG -DPRNTlevel=0 -DAdd_    -DUSE_VENDOR_BLAS -c dgstrs.c 
/usr/bin/cc -O3 -DNDEBUG -DPRNTlevel=0 -DAdd_    -DUSE_VENDOR_BLAS -c dcopy_to_ucol.c 
/usr/bin/cc -O3 -DNDEBUG -DPRNTlevel=0 -DAdd_    -DUSE_VENDOR_BLAS -c dsnode_dfs.c 
/usr/bin/cc -O3 -DNDEBUG -DPRNTlevel=0 -DAdd_    -DUSE_VENDOR_BLAS -c dsnode_bmod.c 
/usr/bin/cc -O3 -DNDEBUG -DPRNTlevel=0 -DAdd_    -DUSE_VENDOR_BLAS -c dpanel_dfs.c 
/usr/bin/cc -O3 -DNDEBUG -DPRNTlevel=0 -DAdd_    -DUSE_VENDOR_BLAS -c dpanel_bmod.c 
/usr/bin/cc -O3 -DNDEBUG -DPRNTlevel=0 -DAdd_    -DUSE_VENDOR_BLAS -c dreadhb.c 
/usr/bin/cc -O3 -DNDEBUG -DPRNTlevel=0 -DAdd_    -DUSE_VENDOR_BLAS -c dreadrb.c 
/usr/bin/cc -O3 -DNDEBUG -DPRNTlevel=0 -DAdd_    -DUSE_VENDOR_BLAS -c dreadtriple.c 
/usr/bin/cc -O3 -DNDEBUG -DPRNTlevel=0 -DAdd_    -DUSE_VENDOR_BLAS -c dcolumn_dfs.c 
/usr/bin/cc -O3 -DNDEBUG -DPRNTlevel=0 -DAdd_    -DUSE_VENDOR_BLAS -c dcolumn_bmod.c 
/usr/bin/cc -O3 -DNDEBUG -DPRNTlevel=0 -DAdd_    -DUSE_VENDOR_BLAS -c dpivotL.c 
/usr/bin/cc -O3 -DNDEBUG -DPRNTlevel=0 -DAdd_    -DUSE_VENDOR_BLAS -c dpruneL.c 
/usr/bin/cc -O3 -DNDEBUG -DPRNTlevel=0 -DAdd_    -DUSE_VENDOR_BLAS -c dmemory.c 
/usr/bin/cc -O3 -DNDEBUG -DPRNTlevel=0 -DAdd_    -DUSE_VENDOR_BLAS -c dutil.c 
/usr/bin/cc -O3 -DNDEBUG -DPRNTlevel=0 -DAdd_    -DUSE_VENDOR_BLAS -c dmyblas2.c 
/usr/bin/cc -O3 -DNDEBUG -DPRNTlevel=0 -DAdd_    -DUSE_VENDOR_BLAS -c dgsisx.c 
/usr/bin/cc -O3 -DNDEBUG -DPRNTlevel=0 -DAdd_    -DUSE_VENDOR_BLAS -c dgsitrf.c 
/usr/bin/cc -O3 -DNDEBUG -DPRNTlevel=0 -DAdd_    -DUSE_VENDOR_BLAS -c dldperm.c 
/usr/bin/cc -O3 -DNDEBUG -DPRNTlevel=0 -DAdd_    -DUSE_VENDOR_BLAS -c ilu_ddrop_row.c 
/usr/bin/cc -O3 -DNDEBUG -DPRNTlevel=0 -DAdd_    -DUSE_VENDOR_BLAS -c ilu_dsnode_dfs.c 
/usr/bin/cc -O3 -DNDEBUG -DPRNTlevel=0 -DAdd_    -DUSE_VENDOR_BLAS -c ilu_dcolumn_dfs.c 
/usr/bin/cc -O3 -DNDEBUG -DPRNTlevel=0 -DAdd_    -DUSE_VENDOR_BLAS -c ilu_dpanel_dfs.c 
/usr/bin/cc -O3 -DNDEBUG -DPRNTlevel=0 -DAdd_    -DUSE_VENDOR_BLAS -c ilu_dcopy_to_ucol.c 
/usr/bin/cc -O3 -DNDEBUG -DPRNTlevel=0 -DAdd_    -DUSE_VENDOR_BLAS -c ilu_dpivotL.c 
/usr/bin/cc -O3 -DNDEBUG -DPRNTlevel=0 -DAdd_    -DUSE_VENDOR_BLAS -c ddiagonal.c 
/usr/bin/cc -O3 -DNDEBUG -DPRNTlevel=0 -DAdd_    -DUSE_VENDOR_BLAS -c dlacon2.c 
/usr/bin/cc -O3 -DNDEBUG -DPRNTlevel=0 -DAdd_    -DUSE_VENDOR_BLAS -c scomplex.c 
/usr/bin/cc -O3 -DNDEBUG -DPRNTlevel=0 -DAdd_    -DUSE_VENDOR_BLAS -c cgssv.c 
/usr/bin/cc -O3 -DNDEBUG -DPRNTlevel=0 -DAdd_    -DUSE_VENDOR_BLAS -c cgssvx.c 
/usr/bin/cc -O3 -DNDEBUG -DPRNTlevel=0 -DAdd_    -DUSE_VENDOR_BLAS -c csp_blas2.c 
/usr/bin/cc -O3 -DNDEBUG -DPRNTlevel=0 -DAdd_    -DUSE_VENDOR_BLAS -c csp_blas3.c 
/usr/bin/cc -O3 -DNDEBUG -DPRNTlevel=0 -DAdd_    -DUSE_VENDOR_BLAS -c cgscon.c 
/usr/bin/cc -O3 -DNDEBUG -DPRNTlevel=0 -DAdd_    -DUSE_VENDOR_BLAS -c clangs.c 
/usr/bin/cc -O3 -DNDEBUG -DPRNTlevel=0 -DAdd_    -DUSE_VENDOR_BLAS -c cgsequ.c 
/usr/bin/cc -O3 -DNDEBUG -DPRNTlevel=0 -DAdd_    -DUSE_VENDOR_BLAS -c claqgs.c 
/usr/bin/cc -O3 -DNDEBUG -DPRNTlevel=0 -DAdd_    -DUSE_VENDOR_BLAS -c cpivotgrowth.c 
/usr/bin/cc -O3 -DNDEBUG -DPRNTlevel=0 -DAdd_    -DUSE_VENDOR_BLAS -c cgsrfs.c 
/usr/bin/cc -O3 -DNDEBUG -DPRNTlevel=0 -DAdd_    -DUSE_VENDOR_BLAS -c cgstrf.c 
/usr/bin/cc -O3 -DNDEBUG -DPRNTlevel=0 -DAdd_    -DUSE_VENDOR_BLAS -c cgstrs.c 
/usr/bin/cc -O3 -DNDEBUG -DPRNTlevel=0 -DAdd_    -DUSE_VENDOR_BLAS -c ccopy_to_ucol.c 
/usr/bin/cc -O3 -DNDEBUG -DPRNTlevel=0 -DAdd_    -DUSE_VENDOR_BLAS -c csnode_dfs.c 
/usr/bin/cc -O3 -DNDEBUG -DPRNTlevel=0 -DAdd_    -DUSE_VENDOR_BLAS -c csnode_bmod.c 
/usr/bin/cc -O3 -DNDEBUG -DPRNTlevel=0 -DAdd_    -DUSE_VENDOR_BLAS -c cpanel_dfs.c 
/usr/bin/cc -O3 -DNDEBUG -DPRNTlevel=0 -DAdd_    -DUSE_VENDOR_BLAS -c cpanel_bmod.c 
/usr/bin/cc -O3 -DNDEBUG -DPRNTlevel=0 -DAdd_    -DUSE_VENDOR_BLAS -c creadhb.c 
/usr/bin/cc -O3 -DNDEBUG -DPRNTlevel=0 -DAdd_    -DUSE_VENDOR_BLAS -c creadrb.c 
/usr/bin/cc -O3 -DNDEBUG -DPRNTlevel=0 -DAdd_    -DUSE_VENDOR_BLAS -c creadtriple.c 
/usr/bin/cc -O3 -DNDEBUG -DPRNTlevel=0 -DAdd_    -DUSE_VENDOR_BLAS -c ccolumn_dfs.c 
/usr/bin/cc -O3 -DNDEBUG -DPRNTlevel=0 -DAdd_    -DUSE_VENDOR_BLAS -c ccolumn_bmod.c 
/usr/bin/cc -O3 -DNDEBUG -DPRNTlevel=0 -DAdd_    -DUSE_VENDOR_BLAS -c cpivotL.c 
/usr/bin/cc -O3 -DNDEBUG -DPRNTlevel=0 -DAdd_    -DUSE_VENDOR_BLAS -c cpruneL.c 
/usr/bin/cc -O3 -DNDEBUG -DPRNTlevel=0 -DAdd_    -DUSE_VENDOR_BLAS -c cmemory.c 
/usr/bin/cc -O3 -DNDEBUG -DPRNTlevel=0 -DAdd_    -DUSE_VENDOR_BLAS -c cutil.c 
/usr/bin/cc -O3 -DNDEBUG -DPRNTlevel=0 -DAdd_    -DUSE_VENDOR_BLAS -c cmyblas2.c 
/usr/bin/cc -O3 -DNDEBUG -DPRNTlevel=0 -DAdd_    -DUSE_VENDOR_BLAS -c cgsisx.c 
/usr/bin/cc -O3 -DNDEBUG -DPRNTlevel=0 -DAdd_    -DUSE_VENDOR_BLAS -c cgsitrf.c 
/usr/bin/cc -O3 -DNDEBUG -DPRNTlevel=0 -DAdd_    -DUSE_VENDOR_BLAS -c cldperm.c 
/usr/bin/cc -O3 -DNDEBUG -DPRNTlevel=0 -DAdd_    -DUSE_VENDOR_BLAS -c ilu_cdrop_row.c 
/usr/bin/cc -O3 -DNDEBUG -DPRNTlevel=0 -DAdd_    -DUSE_VENDOR_BLAS -c ilu_csnode_dfs.c 
/usr/bin/cc -O3 -DNDEBUG -DPRNTlevel=0 -DAdd_    -DUSE_VENDOR_BLAS -c ilu_ccolumn_dfs.c 
/usr/bin/cc -O3 -DNDEBUG -DPRNTlevel=0 -DAdd_    -DUSE_VENDOR_BLAS -c ilu_cpanel_dfs.c 
/usr/bin/cc -O3 -DNDEBUG -DPRNTlevel=0 -DAdd_    -DUSE_VENDOR_BLAS -c ilu_ccopy_to_ucol.c 
/usr/bin/cc -O3 -DNDEBUG -DPRNTlevel=0 -DAdd_    -DUSE_VENDOR_BLAS -c ilu_cpivotL.c 
/usr/bin/cc -O3 -DNDEBUG -DPRNTlevel=0 -DAdd_    -DUSE_VENDOR_BLAS -c cdiagonal.c 
/usr/bin/cc -O3 -DNDEBUG -DPRNTlevel=0 -DAdd_    -DUSE_VENDOR_BLAS -c clacon2.c 
/usr/bin/cc -O3 -DNDEBUG -DPRNTlevel=0 -DAdd_    -DUSE_VENDOR_BLAS -c scsum1.c 
/usr/bin/cc -O3 -DNDEBUG -DPRNTlevel=0 -DAdd_    -DUSE_VENDOR_BLAS -c icmax1.c 
/usr/bin/cc -O3 -DNDEBUG -DPRNTlevel=0 -DAdd_    -DUSE_VENDOR_BLAS -c dcomplex.c 
/usr/bin/cc -O3 -DNDEBUG -DPRNTlevel=0 -DAdd_    -DUSE_VENDOR_BLAS -c zgssv.c 
/usr/bin/cc -O3 -DNDEBUG -DPRNTlevel=0 -DAdd_    -DUSE_VENDOR_BLAS -c zgssvx.c 
/usr/bin/cc -O3 -DNDEBUG -DPRNTlevel=0 -DAdd_    -DUSE_VENDOR_BLAS -c zsp_blas2.c 
/usr/bin/cc -O3 -DNDEBUG -DPRNTlevel=0 -DAdd_    -DUSE_VENDOR_BLAS -c zsp_blas3.c 
/usr/bin/cc -O3 -DNDEBUG -DPRNTlevel=0 -DAdd_    -DUSE_VENDOR_BLAS -c zgscon.c 
/usr/bin/cc -O3 -DNDEBUG -DPRNTlevel=0 -DAdd_    -DUSE_VENDOR_BLAS -c zlangs.c 
/usr/bin/cc -O3 -DNDEBUG -DPRNTlevel=0 -DAdd_    -DUSE_VENDOR_BLAS -c zgsequ.c 
/usr/bin/cc -O3 -DNDEBUG -DPRNTlevel=0 -DAdd_    -DUSE_VENDOR_BLAS -c zlaqgs.c 
/usr/bin/cc -O3 -DNDEBUG -DPRNTlevel=0 -DAdd_    -DUSE_VENDOR_BLAS -c zpivotgrowth.c 
/usr/bin/cc -O3 -DNDEBUG -DPRNTlevel=0 -DAdd_    -DUSE_VENDOR_BLAS -c zgsrfs.c 
/usr/bin/cc -O3 -DNDEBUG -DPRNTlevel=0 -DAdd_    -DUSE_VENDOR_BLAS -c zgstrf.c 
/usr/bin/cc -O3 -DNDEBUG -DPRNTlevel=0 -DAdd_    -DUSE_VENDOR_BLAS -c zgstrs.c 
/usr/bin/cc -O3 -DNDEBUG -DPRNTlevel=0 -DAdd_    -DUSE_VENDOR_BLAS -c zcopy_to_ucol.c 
/usr/bin/cc -O3 -DNDEBUG -DPRNTlevel=0 -DAdd_    -DUSE_VENDOR_BLAS -c zsnode_dfs.c 
/usr/bin/cc -O3 -DNDEBUG -DPRNTlevel=0 -DAdd_    -DUSE_VENDOR_BLAS -c zsnode_bmod.c 
/usr/bin/cc -O3 -DNDEBUG -DPRNTlevel=0 -DAdd_    -DUSE_VENDOR_BLAS -c zpanel_dfs.c 
/usr/bin/cc -O3 -DNDEBUG -DPRNTlevel=0 -DAdd_    -DUSE_VENDOR_BLAS -c zpanel_bmod.c 
/usr/bin/cc -O3 -DNDEBUG -DPRNTlevel=0 -DAdd_    -DUSE_VENDOR_BLAS -c zreadhb.c 
/usr/bin/cc -O3 -DNDEBUG -DPRNTlevel=0 -DAdd_    -DUSE_VENDOR_BLAS -c zreadrb.c 
/usr/bin/cc -O3 -DNDEBUG -DPRNTlevel=0 -DAdd_    -DUSE_VENDOR_BLAS -c zreadtriple.c 
/usr/bin/cc -O3 -DNDEBUG -DPRNTlevel=0 -DAdd_    -DUSE_VENDOR_BLAS -c zcolumn_dfs.c 
/usr/bin/cc -O3 -DNDEBUG -DPRNTlevel=0 -DAdd_    -DUSE_VENDOR_BLAS -c zcolumn_bmod.c 
/usr/bin/cc -O3 -DNDEBUG -DPRNTlevel=0 -DAdd_    -DUSE_VENDOR_BLAS -c zpivotL.c 
/usr/bin/cc -O3 -DNDEBUG -DPRNTlevel=0 -DAdd_    -DUSE_VENDOR_BLAS -c zpruneL.c 
/usr/bin/cc -O3 -DNDEBUG -DPRNTlevel=0 -DAdd_    -DUSE_VENDOR_BLAS -c zmemory.c 
/usr/bin/cc -O3 -DNDEBUG -DPRNTlevel=0 -DAdd_    -DUSE_VENDOR_BLAS -c zutil.c 
/usr/bin/cc -O3 -DNDEBUG -DPRNTlevel=0 -DAdd_    -DUSE_VENDOR_BLAS -c zmyblas2.c 
/usr/bin/cc -O3 -DNDEBUG -DPRNTlevel=0 -DAdd_    -DUSE_VENDOR_BLAS -c zgsisx.c 
/usr/bin/cc -O3 -DNDEBUG -DPRNTlevel=0 -DAdd_    -DUSE_VENDOR_BLAS -c zgsitrf.c 
/usr/bin/cc -O3 -DNDEBUG -DPRNTlevel=0 -DAdd_    -DUSE_VENDOR_BLAS -c zldperm.c 
/usr/bin/cc -O3 -DNDEBUG -DPRNTlevel=0 -DAdd_    -DUSE_VENDOR_BLAS -c ilu_zdrop_row.c 
/usr/bin/cc -O3 -DNDEBUG -DPRNTlevel=0 -DAdd_    -DUSE_VENDOR_BLAS -c ilu_zsnode_dfs.c 
/usr/bin/cc -O3 -DNDEBUG -DPRNTlevel=0 -DAdd_    -DUSE_VENDOR_BLAS -c ilu_zcolumn_dfs.c 
/usr/bin/cc -O3 -DNDEBUG -DPRNTlevel=0 -DAdd_    -DUSE_VENDOR_BLAS -c ilu_zpanel_dfs.c 
/usr/bin/cc -O3 -DNDEBUG -DPRNTlevel=0 -DAdd_    -DUSE_VENDOR_BLAS -c ilu_zcopy_to_ucol.c 
/usr/bin/cc -O3 -DNDEBUG -DPRNTlevel=0 -DAdd_    -DUSE_VENDOR_BLAS -c ilu_zpivotL.c 
/usr/bin/cc -O3 -DNDEBUG -DPRNTlevel=0 -DAdd_    -DUSE_VENDOR_BLAS -c zdiagonal.c 
/usr/bin/cc -O3 -DNDEBUG -DPRNTlevel=0 -DAdd_    -DUSE_VENDOR_BLAS -c zlacon2.c 
/usr/bin/cc -O3 -DNDEBUG -DPRNTlevel=0 -DAdd_    -DUSE_VENDOR_BLAS -c dzsum1.c 
/usr/bin/cc -O3 -DNDEBUG -DPRNTlevel=0 -DAdd_    -DUSE_VENDOR_BLAS -c izmax1.c 
/usr/bin/ar cr /Users/dan/Scratch/SuperLU_5.2.1_OpenBLAS/SRC/lib/libsuperlu.a sgssv.o sgssvx.o ssp_blas2.o ssp_blas3.o sgscon.o slangs.o sgsequ.o slaqgs.o spivotgrowth.o sgsrfs.o sgstrf.o sgstrs.o scopy_to_ucol.o ssnode_dfs.o ssnode_bmod.o spanel_dfs.o spanel_bmod.o sreadhb.o sreadrb.o sreadtriple.o scolumn_dfs.o scolumn_bmod.o spivotL.o spruneL.o smemory.o sutil.o smyblas2.o sgsisx.o sgsitrf.o sldperm.o ilu_sdrop_row.o ilu_ssnode_dfs.o ilu_scolumn_dfs.o ilu_spanel_dfs.o ilu_scopy_to_ucol.o ilu_spivotL.o sdiagonal.o slacon2.o superlu_timer.o util.o memory.o get_perm_c.o mmd.o sp_coletree.o sp_preorder.o sp_ienv.o relax_snode.o heap_relax_snode.o colamd.o ilu_relax_snode.o ilu_heap_relax_snode.o mark_relax.o mc64ad.o qselect.o input_error.o smach.o dmach.o smach.o
/usr/bin/ar cr /Users/dan/Scratch/SuperLU_5.2.1_OpenBLAS/SRC/lib/libsuperlu.a dgssv.o dgssv_lufact.o dgssv_lusolve.o dgssvx.o dsp_blas2.o dsp_blas3.o dgscon.o dlangs.o dgsequ.o dlaqgs.o dpivotgrowth.o dgsrfs.o dgstrf.o dgstrs.o dcopy_to_ucol.o dsnode_dfs.o dsnode_bmod.o dpanel_dfs.o dpanel_bmod.o dreadhb.o dreadrb.o dreadtriple.o dcolumn_dfs.o dcolumn_bmod.o dpivotL.o dpruneL.o dmemory.o dutil.o dmyblas2.o dgsisx.o dgsitrf.o dldperm.o ilu_ddrop_row.o ilu_dsnode_dfs.o ilu_dcolumn_dfs.o ilu_dpanel_dfs.o ilu_dcopy_to_ucol.o ilu_dpivotL.o ddiagonal.o dlacon2.o superlu_timer.o util.o memory.o get_perm_c.o mmd.o sp_coletree.o sp_preorder.o sp_ienv.o relax_snode.o heap_relax_snode.o colamd.o ilu_relax_snode.o ilu_heap_relax_snode.o mark_relax.o mc64ad.o qselect.o input_error.o smach.o dmach.o 
/usr/bin/ranlib /Users/dan/Scratch/SuperLU_5.2.1_OpenBLAS/SRC/lib/libsuperlu.a
/usr/bin/ar cr /Users/dan/Scratch/SuperLU_5.2.1_OpenBLAS/SRC/lib/libsuperlu.a scomplex.o cgssv.o cgssvx.o csp_blas2.o csp_blas3.o cgscon.o clangs.o cgsequ.o claqgs.o cpivotgrowth.o cgsrfs.o cgstrf.o cgstrs.o ccopy_to_ucol.o csnode_dfs.o csnode_bmod.o cpanel_dfs.o cpanel_bmod.o creadhb.o creadrb.o creadtriple.o ccolumn_dfs.o ccolumn_bmod.o cpivotL.o cpruneL.o cmemory.o cutil.o cmyblas2.o cgsisx.o cgsitrf.o cldperm.o ilu_cdrop_row.o ilu_csnode_dfs.o ilu_ccolumn_dfs.o ilu_cpanel_dfs.o ilu_ccopy_to_ucol.o ilu_cpivotL.o cdiagonal.o clacon2.o scsum1.o icmax1.o superlu_timer.o util.o memory.o get_perm_c.o mmd.o sp_coletree.o sp_preorder.o sp_ienv.o relax_snode.o heap_relax_snode.o colamd.o ilu_relax_snode.o ilu_heap_relax_snode.o mark_relax.o mc64ad.o qselect.o input_error.o smach.o dmach.o smach.o
/usr/bin/ranlib /Users/dan/Scratch/SuperLU_5.2.1_OpenBLAS/SRC/lib/libsuperlu.a
/usr/bin/ar cr /Users/dan/Scratch/SuperLU_5.2.1_OpenBLAS/SRC/lib/libsuperlu.a dcomplex.o zgssv.o zgssvx.o zsp_blas2.o zsp_blas3.o zgscon.o zlangs.o zgsequ.o zlaqgs.o zpivotgrowth.o zgsrfs.o zgstrf.o zgstrs.o zcopy_to_ucol.o zsnode_dfs.o zsnode_bmod.o zpanel_dfs.o zpanel_bmod.o zreadhb.o zreadrb.o zreadtriple.o zcolumn_dfs.o zcolumn_bmod.o zpivotL.o zpruneL.o zmemory.o zutil.o zmyblas2.o zgsisx.o zgsitrf.o zldperm.o ilu_zdrop_row.o ilu_zsnode_dfs.o ilu_zcolumn_dfs.o ilu_zpanel_dfs.o ilu_zcopy_to_ucol.o ilu_zpivotL.o zdiagonal.o zlacon2.o dzsum1.o izmax1.o superlu_timer.o util.o memory.o get_perm_c.o mmd.o sp_coletree.o sp_preorder.o sp_ienv.o relax_snode.o heap_relax_snode.o colamd.o ilu_relax_snode.o ilu_heap_relax_snode.o mark_relax.o mc64ad.o qselect.o input_error.o smach.o dmach.o 
/usr/bin/ranlib /Users/dan/Scratch/SuperLU_5.2.1_OpenBLAS/SRC/lib/libsuperlu.a
/usr/bin/ranlib /Users/dan/Scratch/SuperLU_5.2.1_OpenBLAS/SRC/lib/libsuperlu.a
